OpenJDK 64-Bit Server VM (25.111-b14) for linux-amd64 JRE (1.8.0_111-8u111-b14-3~14.04-b14), built on Nov  3 2016 22:37:07 by "buildd" with gcc 4.8.4
Memory: 4k page, physical 2043108k(496696k free), swap 1046524k(918460k free)
CommandLine flags: -XX:CMSInitiatingOccupancyFraction=50 -XX:CMSMaxAbortablePrecleanTime=6000 -XX:+CMSParallelRemarkEnabled -XX:+CMSScavengeBeforeRemark -XX:ConcGCThreads=4 -XX:InitialHeapSize=536870912 -XX:MaxHeapSize=536870912 -XX:MaxTenuringThreshold=8 -XX:NewRatio=3 -XX:OldPLABSize=16 -XX:OnOutOfMemoryError=/opt/solr/bin/oom_solr.sh 8099 /var/solr/logs -XX:ParallelGCThreads=4 -XX:+ParallelRefProcEnabled -XX:PretenureSizeThreshold=67108864 -XX:+PrintGC -XX:+PrintGCApplicationStoppedTime -XX:+PrintGCDateStamps -XX:+PrintGCDetails -XX:+PrintGCTimeStamps -XX:+PrintHeapAtGC -XX:+PrintTenuringDistribution -XX:SurvivorRatio=4 -XX:TargetSurvivorRatio=90 -XX:ThreadStackSize=256 -XX:+UseCMSInitiatingOccupancyOnly -XX:+UseCompressedClassPointers -XX:+UseCompressedOops -XX:+UseConcMarkSweepGC -XX:+UseParNewGC 
2016-11-14T04:16:12.016-0800: 0.178: Total time for which application threads were stopped: 0.0001586 seconds, Stopping threads took: 0.0000398 seconds
2016-11-14T04:16:12.092-0800: 0.254: Total time for which application threads were stopped: 0.0001211 seconds, Stopping threads took: 0.0000572 seconds
2016-11-14T04:16:12.098-0800: 0.260: Total time for which application threads were stopped: 0.0001019 seconds, Stopping threads took: 0.0000535 seconds
2016-11-14T04:16:12.358-0800: 0.520: Total time for which application threads were stopped: 0.0004156 seconds, Stopping threads took: 0.0002653 seconds
2016-11-14T04:16:12.429-0800: 0.591: Total time for which application threads were stopped: 0.0001802 seconds, Stopping threads took: 0.0000643 seconds
2016-11-14T04:16:12.440-0800: 0.602: Total time for which application threads were stopped: 0.0003915 seconds, Stopping threads took: 0.0000498 seconds
2016-11-14T04:16:12.668-0800: 0.831: Total time for which application threads were stopped: 0.0002209 seconds, Stopping threads took: 0.0000745 seconds
2016-11-14T04:16:12.855-0800: 1.017: Total time for which application threads were stopped: 0.0002353 seconds, Stopping threads took: 0.0000585 seconds
2016-11-14T04:16:12.868-0800: 1.031: Total time for which application threads were stopped: 0.0002461 seconds, Stopping threads took: 0.0000634 seconds
2016-11-14T04:16:12.869-0800: 1.031: Total time for which application threads were stopped: 0.0001560 seconds, Stopping threads took: 0.0000500 seconds
2016-11-14T04:16:12.876-0800: 1.038: Total time for which application threads were stopped: 0.0001938 seconds, Stopping threads took: 0.0000412 seconds
2016-11-14T04:16:12.930-0800: 1.092: Total time for which application threads were stopped: 0.0002870 seconds, Stopping threads took: 0.0000948 seconds
{Heap before GC invocations=0 (full 0):
 par new generation   total 109248K, used 87424K [0x00000000e0000000, 0x00000000e8000000, 0x00000000e8000000)
  eden space 87424K, 100% used [0x00000000e0000000, 0x00000000e5560000, 0x00000000e5560000)
  from space 21824K,   0% used [0x00000000e5560000, 0x00000000e5560000, 0x00000000e6ab0000)
  to   space 21824K,   0% used [0x00000000e6ab0000, 0x00000000e6ab0000, 0x00000000e8000000)
 concurrent mark-sweep generation total 393216K, used 0K [0x00000000e8000000, 0x0000000100000000, 0x0000000100000000)
 Metaspace       used 18387K, capacity 18686K, committed 18944K, reserved 1067008K
  class space    used 2144K, capacity 2290K, committed 2304K, reserved 1048576K
2016-11-14T04:16:13.129-0800: 1.291: [GC (Allocation Failure) 2016-11-14T04:16:13.129-0800: 1.291: [ParNew
Desired survivor size 20112992 bytes, new threshold 8 (max 8)
- age   1:   12423752 bytes,   12423752 total
: 87424K->12259K(109248K), 0.0555661 secs] 87424K->12259K(502464K), 0.0556577 secs] [Times: user=0.06 sys=0.01, real=0.06 secs] 
Heap after GC invocations=1 (full 0):
 par new generation   total 109248K, used 12259K [0x00000000e0000000, 0x00000000e8000000, 0x00000000e8000000)
  eden space 87424K,   0% used [0x00000000e0000000, 0x00000000e0000000, 0x00000000e5560000)
  from space 21824K,  56% used [0x00000000e6ab0000, 0x00000000e76a8eb8, 0x00000000e8000000)
  to   space 21824K,   0% used [0x00000000e5560000, 0x00000000e5560000, 0x00000000e6ab0000)
 concurrent mark-sweep generation total 393216K, used 0K [0x00000000e8000000, 0x0000000100000000, 0x0000000100000000)
 Metaspace       used 18387K, capacity 18686K, committed 18944K, reserved 1067008K
  class space    used 2144K, capacity 2290K, committed 2304K, reserved 1048576K
}
2016-11-14T04:16:13.184-0800: 1.346: Total time for which application threads were stopped: 0.0558504 seconds, Stopping threads took: 0.0000365 seconds
2016-11-14T04:16:13.218-0800: 1.380: Total time for which application threads were stopped: 0.0002744 seconds, Stopping threads took: 0.0000204 seconds
2016-11-14T04:16:13.330-0800: 1.492: Total time for which application threads were stopped: 0.0004680 seconds, Stopping threads took: 0.0000452 seconds
2016-11-14T04:16:13.347-0800: 1.509: Total time for which application threads were stopped: 0.0004445 seconds, Stopping threads took: 0.0001044 seconds
2016-11-14T04:16:13.389-0800: 1.551: Total time for which application threads were stopped: 0.0003489 seconds, Stopping threads took: 0.0000730 seconds
2016-11-14T04:16:13.599-0800: 1.761: Total time for which application threads were stopped: 0.0002417 seconds, Stopping threads took: 0.0000671 seconds
2016-11-14T04:16:13.634-0800: 1.796: Total time for which application threads were stopped: 0.0001524 seconds, Stopping threads took: 0.0000554 seconds
2016-11-14T04:16:13.688-0800: 1.850: Total time for which application threads were stopped: 0.0001409 seconds, Stopping threads took: 0.0000555 seconds
{Heap before GC invocations=1 (full 0):
 par new generation   total 109248K, used 99683K [0x00000000e0000000, 0x00000000e8000000, 0x00000000e8000000)
  eden space 87424K, 100% used [0x00000000e0000000, 0x00000000e5560000, 0x00000000e5560000)
  from space 21824K,  56% used [0x00000000e6ab0000, 0x00000000e76a8eb8, 0x00000000e8000000)
  to   space 21824K,   0% used [0x00000000e5560000, 0x00000000e5560000, 0x00000000e6ab0000)
 concurrent mark-sweep generation total 393216K, used 0K [0x00000000e8000000, 0x0000000100000000, 0x0000000100000000)
 Metaspace       used 21548K, capacity 21906K, committed 22216K, reserved 1069056K
  class space    used 2510K, capacity 2644K, committed 2684K, reserved 1048576K
2016-11-14T04:16:13.704-0800: 1.866: [GC (Allocation Failure) 2016-11-14T04:16:13.704-0800: 1.866: [ParNew
Desired survivor size 20112992 bytes, new threshold 8 (max 8)
- age   1:    3659040 bytes,    3659040 total
- age   2:    5704072 bytes,    9363112 total
: 99683K->13287K(109248K), 0.0249668 secs] 99683K->13287K(502464K), 0.0250717 secs] [Times: user=0.01 sys=0.01, real=0.02 secs] 
Heap after GC invocations=2 (full 0):
 par new generation   total 109248K, used 13287K [0x00000000e0000000, 0x00000000e8000000, 0x00000000e8000000)
  eden space 87424K,   0% used [0x00000000e0000000, 0x00000000e0000000, 0x00000000e5560000)
  from space 21824K,  60% used [0x00000000e5560000, 0x00000000e6259e90, 0x00000000e6ab0000)
  to   space 21824K,   0% used [0x00000000e6ab0000, 0x00000000e6ab0000, 0x00000000e8000000)
 concurrent mark-sweep generation total 393216K, used 0K [0x00000000e8000000, 0x0000000100000000, 0x0000000100000000)
 Metaspace       used 21548K, capacity 21906K, committed 22216K, reserved 1069056K
  class space    used 2510K, capacity 2644K, committed 2684K, reserved 1048576K
}
2016-11-14T04:16:13.729-0800: 1.891: Total time for which application threads were stopped: 0.0252943 seconds, Stopping threads took: 0.0000700 seconds
2016-11-14T04:16:13.729-0800: 1.891: [GC (CMS Initial Mark) [1 CMS-initial-mark: 0K(393216K)] 13303K(502464K), 0.0054275 secs] [Times: user=0.01 sys=0.01, real=0.01 secs] 
2016-11-14T04:16:13.735-0800: 1.897: Total time for which application threads were stopped: 0.0056346 seconds, Stopping threads took: 0.0000626 seconds
2016-11-14T04:16:13.735-0800: 1.897: [CMS-concurrent-mark-start]
2016-11-14T04:16:13.735-0800: 1.897: [CMS-concurrent-mark: 0.001/0.001 secs] [Times: user=0.00 sys=0.00, real=0.00 secs] 
2016-11-14T04:16:13.735-0800: 1.897: [CMS-concurrent-preclean-start]
2016-11-14T04:16:13.736-0800: 1.898: [CMS-concurrent-preclean: 0.001/0.001 secs] [Times: user=0.00 sys=0.00, real=0.00 secs] 
2016-11-14T04:16:13.736-0800: 1.898: [CMS-concurrent-abortable-preclean-start]
2016-11-14T04:16:13.875-0800: 2.037: Total time for which application threads were stopped: 0.0001882 seconds, Stopping threads took: 0.0000961 seconds
2016-11-14T04:16:13.900-0800: 2.062: Total time for which application threads were stopped: 0.0003213 seconds, Stopping threads took: 0.0000617 seconds
2016-11-14T04:16:13.908-0800: 2.070: Total time for which application threads were stopped: 0.0001122 seconds, Stopping threads took: 0.0000621 seconds
2016-11-14T04:16:13.924-0800: 2.086: Total time for which application threads were stopped: 0.0001950 seconds, Stopping threads took: 0.0000982 seconds
2016-11-14T04:16:13.975-0800: 2.137: Total time for which application threads were stopped: 0.0001634 seconds, Stopping threads took: 0.0000629 seconds
2016-11-14T04:16:14.031-0800: 2.193: Total time for which application threads were stopped: 0.0001287 seconds, Stopping threads took: 0.0000506 seconds
2016-11-14T04:16:14.042-0800: 2.204: Total time for which application threads were stopped: 0.0004586 seconds, Stopping threads took: 0.0001389 seconds
2016-11-14T04:16:14.048-0800: 2.210: Total time for which application threads were stopped: 0.0004324 seconds, Stopping threads took: 0.0000531 seconds
2016-11-14T04:16:14.048-0800: 2.210: [CMS-concurrent-abortable-preclean: 0.183/0.312 secs] [Times: user=0.41 sys=0.06, real=0.31 secs] 
2016-11-14T04:16:14.048-0800: 2.210: [GC (CMS Final Remark) [YG occupancy: 59798 K (109248 K)]{Heap before GC invocations=2 (full 1):
 par new generation   total 109248K, used 59798K [0x00000000e0000000, 0x00000000e8000000, 0x00000000e8000000)
  eden space 87424K,  53% used [0x00000000e0000000, 0x00000000e2d6baa8, 0x00000000e5560000)
  from space 21824K,  60% used [0x00000000e5560000, 0x00000000e6259e90, 0x00000000e6ab0000)
  to   space 21824K,   0% used [0x00000000e6ab0000, 0x00000000e6ab0000, 0x00000000e8000000)
 concurrent mark-sweep generation total 393216K, used 0K [0x00000000e8000000, 0x0000000100000000, 0x0000000100000000)
 Metaspace       used 23514K, capacity 23802K, committed 23952K, reserved 1071104K
  class space    used 2743K, capacity 2870K, committed 2912K, reserved 1048576K
2016-11-14T04:16:14.049-0800: 2.211: [GC (CMS Final Remark) 2016-11-14T04:16:14.049-0800: 2.211: [ParNew
Desired survivor size 20112992 bytes, new threshold 8 (max 8)
- age   1:    2010456 bytes,    2010456 total
- age   2:    1340816 bytes,    3351272 total
- age   3:    5681672 bytes,    9032944 total
: 59798K->10654K(109248K), 0.0162381 secs] 59798K->10654K(502464K), 0.0162967 secs] [Times: user=0.03 sys=0.00, real=0.02 secs] 
Heap after GC invocations=3 (full 1):
 par new generation   total 109248K, used 10654K [0x00000000e0000000, 0x00000000e8000000, 0x00000000e8000000)
  eden space 87424K,   0% used [0x00000000e0000000, 0x00000000e0000000, 0x00000000e5560000)
  from space 21824K,  48% used [0x00000000e6ab0000, 0x00000000e75178c0, 0x00000000e8000000)
  to   space 21824K,   0% used [0x00000000e5560000, 0x00000000e5560000, 0x00000000e6ab0000)
 concurrent mark-sweep generation total 393216K, used 0K [0x00000000e8000000, 0x0000000100000000, 0x0000000100000000)
 Metaspace       used 23514K, capacity 23802K, committed 23952K, reserved 1071104K
  class space    used 2743K, capacity 2870K, committed 2912K, reserved 1048576K
}
2016-11-14T04:16:14.065-0800: 2.227: [Rescan (parallel) , 0.0059702 secs]2016-11-14T04:16:14.071-0800: 2.233: [weak refs processing, 0.0031064 secs]2016-11-14T04:16:14.074-0800: 2.236: [class unloading, 0.0032345 secs]2016-11-14T04:16:14.077-0800: 2.239: [scrub symbol table, 0.0028834 secs]2016-11-14T04:16:14.080-0800: 2.242: [scrub string table, 0.0003230 secs][1 CMS-remark: 0K(393216K)] 10654K(502464K), 0.0324582 secs] [Times: user=0.04 sys=0.00, real=0.03 secs] 
2016-11-14T04:16:14.081-0800: 2.243: Total time for which application threads were stopped: 0.0327084 seconds, Stopping threads took: 0.0001888 seconds
2016-11-14T04:16:14.081-0800: 2.243: [CMS-concurrent-sweep-start]
2016-11-14T04:16:14.081-0800: 2.243: [CMS-concurrent-sweep: 0.000/0.000 secs] [Times: user=0.00 sys=0.00, real=0.00 secs] 
2016-11-14T04:16:14.081-0800: 2.243: [CMS-concurrent-reset-start]
2016-11-14T04:16:14.083-0800: 2.245: [CMS-concurrent-reset: 0.002/0.002 secs] [Times: user=0.00 sys=0.00, real=0.01 secs] 
2016-11-14T04:16:14.311-0800: 2.473: Total time for which application threads were stopped: 0.0007163 seconds, Stopping threads took: 0.0001027 seconds
{Heap before GC invocations=3 (full 1):
 par new generation   total 109248K, used 98078K [0x00000000e0000000, 0x00000000e8000000, 0x00000000e8000000)
  eden space 87424K, 100% used [0x00000000e0000000, 0x00000000e5560000, 0x00000000e5560000)
  from space 21824K,  48% used [0x00000000e6ab0000, 0x00000000e75178c0, 0x00000000e8000000)
  to   space 21824K,   0% used [0x00000000e5560000, 0x00000000e5560000, 0x00000000e6ab0000)
 concurrent mark-sweep generation total 393216K, used 0K [0x00000000e8000000, 0x0000000100000000, 0x0000000100000000)
 Metaspace       used 25677K, capacity 26032K, committed 26308K, reserved 1073152K
  class space    used 3045K, capacity 3187K, committed 3296K, reserved 1048576K
2016-11-14T04:16:14.476-0800: 2.638: [GC (Allocation Failure) 2016-11-14T04:16:14.476-0800: 2.638: [ParNew
Desired survivor size 20112992 bytes, new threshold 4 (max 8)
- age   1:   14798784 bytes,   14798784 total
- age   2:     538216 bytes,   15337000 total
- age   3:    1321072 bytes,   16658072 total
- age   4:    5679888 bytes,   22337960 total
: 98078K->21824K(109248K), 0.0403933 secs] 98078K->29648K(502464K), 0.0404624 secs] [Times: user=0.04 sys=0.02, real=0.04 secs] 
Heap after GC invocations=4 (full 1):
 par new generation   total 109248K, used 21824K [0x00000000e0000000, 0x00000000e8000000, 0x00000000e8000000)
  eden space 87424K,   0% used [0x00000000e0000000, 0x00000000e0000000, 0x00000000e5560000)
  from space 21824K, 100% used [0x00000000e5560000, 0x00000000e6ab0000, 0x00000000e6ab0000)
  to   space 21824K,   0% used [0x00000000e6ab0000, 0x00000000e6ab0000, 0x00000000e8000000)
 concurrent mark-sweep generation total 393216K, used 7824K [0x00000000e8000000, 0x0000000100000000, 0x0000000100000000)
 Metaspace       used 25677K, capacity 26032K, committed 26308K, reserved 1073152K
  class space    used 3045K, capacity 3187K, committed 3296K, reserved 1048576K
}
2016-11-14T04:16:14.516-0800: 2.678: Total time for which application threads were stopped: 0.0408173 seconds, Stopping threads took: 0.0001971 seconds
2016-11-14T04:16:15.517-0800: 3.679: Total time for which application threads were stopped: 0.0002613 seconds, Stopping threads took: 0.0001205 seconds
2016-11-14T04:16:15.941-0800: 4.103: Total time for which application threads were stopped: 0.0018821 seconds, Stopping threads took: 0.0002028 seconds
2016-11-14T04:16:42.956-0800: 31.118: Total time for which application threads were stopped: 0.0000874 seconds, Stopping threads took: 0.0000300 seconds
2016-11-14T04:18:48.024-0800: 156.186: Total time for which application threads were stopped: 0.0001337 seconds, Stopping threads took: 0.0000728 seconds
2016-11-14T04:18:58.029-0800: 166.191: Total time for which application threads were stopped: 0.0001015 seconds, Stopping threads took: 0.0000446 seconds
2016-11-14T04:19:03.031-0800: 171.193: Total time for which application threads were stopped: 0.0001131 seconds, Stopping threads took: 0.0000326 seconds
2016-11-14T04:20:03.064-0800: 231.226: Total time for which application threads were stopped: 0.0001830 seconds, Stopping threads took: 0.0000773 seconds
{Heap before GC invocations=4 (full 1):
 par new generation   total 109248K, used 109248K [0x00000000e0000000, 0x00000000e8000000, 0x00000000e8000000)
  eden space 87424K, 100% used [0x00000000e0000000, 0x00000000e5560000, 0x00000000e5560000)
  from space 21824K, 100% used [0x00000000e5560000, 0x00000000e6ab0000, 0x00000000e6ab0000)
  to   space 21824K,   0% used [0x00000000e6ab0000, 0x00000000e6ab0000, 0x00000000e8000000)
 concurrent mark-sweep generation total 393216K, used 7824K [0x00000000e8000000, 0x0000000100000000, 0x0000000100000000)
 Metaspace       used 28308K, capacity 28726K, committed 29124K, reserved 1075200K
  class space    used 3307K, capacity 3482K, committed 3552K, reserved 1048576K
2016-11-14T04:20:07.414-0800: 235.576: [GC (Allocation Failure) 2016-11-14T04:20:07.415-0800: 235.577: [ParNew
Desired survivor size 20112992 bytes, new threshold 4 (max 8)
- age   1:   11918008 bytes,   11918008 total
- age   2:    6506992 bytes,   18425000 total
- age   3:     458352 bytes,   18883352 total
- age   4:    1238296 bytes,   20121648 total
: 109248K->21824K(109248K), 0.0561359 secs] 117072K->50569K(502464K), 0.0566206 secs] [Times: user=0.04 sys=0.04, real=0.05 secs] 
Heap after GC invocations=5 (full 1):
 par new generation   total 109248K, used 21824K [0x00000000e0000000, 0x00000000e8000000, 0x00000000e8000000)
  eden space 87424K,   0% used [0x00000000e0000000, 0x00000000e0000000, 0x00000000e5560000)
  from space 21824K, 100% used [0x00000000e6ab0000, 0x00000000e8000000, 0x00000000e8000000)
  to   space 21824K,   0% used [0x00000000e5560000, 0x00000000e5560000, 0x00000000e6ab0000)
 concurrent mark-sweep generation total 393216K, used 28745K [0x00000000e8000000, 0x0000000100000000, 0x0000000100000000)
 Metaspace       used 28308K, capacity 28726K, committed 29124K, reserved 1075200K
  class space    used 3307K, capacity 3482K, committed 3552K, reserved 1048576K
}
2016-11-14T04:20:07.471-0800: 235.633: Total time for which application threads were stopped: 0.0569311 seconds, Stopping threads took: 0.0001652 seconds
2016-11-14T04:20:08.471-0800: 236.633: Total time for which application threads were stopped: 0.0000912 seconds, Stopping threads took: 0.0000328 seconds
2016-11-14T04:20:58.505-0800: 286.667: Total time for which application threads were stopped: 0.0003679 seconds, Stopping threads took: 0.0002213 seconds
2016-11-14T04:37:33.155-0800: 1281.317: Total time for which application threads were stopped: 0.0001509 seconds, Stopping threads took: 0.0000478 seconds
2016-11-14T04:43:28.461-0800: 1636.623: Total time for which application threads were stopped: 0.0003216 seconds, Stopping threads took: 0.0001679 seconds
2016-11-14T04:51:43.888-0800: 2132.050: Total time for which application threads were stopped: 0.0001499 seconds, Stopping threads took: 0.0000753 seconds
2016-11-14T04:51:47.893-0800: 2136.055: Total time for which application threads were stopped: 0.0004853 seconds, Stopping threads took: 0.0001647 seconds
2016-11-14T05:09:23.736-0800: 3191.898: Total time for which application threads were stopped: 0.0008351 seconds, Stopping threads took: 0.0005057 seconds
2016-11-14T05:09:28.740-0800: 3196.902: Total time for which application threads were stopped: 0.0003013 seconds, Stopping threads took: 0.0001078 seconds
2016-11-14T05:11:03.822-0800: 3291.984: Total time for which application threads were stopped: 0.0001548 seconds, Stopping threads took: 0.0000816 seconds
2016-11-14T05:11:08.825-0800: 3296.987: Total time for which application threads were stopped: 0.0005571 seconds, Stopping threads took: 0.0001540 seconds
2016-11-14T05:15:43.052-0800: 3571.214: Total time for which application threads were stopped: 0.0001066 seconds, Stopping threads took: 0.0000467 seconds
2016-11-14T05:16:43.095-0800: 3631.257: Total time for which application threads were stopped: 0.0003453 seconds, Stopping threads took: 0.0002723 seconds
2016-11-14T05:18:13.140-0800: 3721.302: Total time for which application threads were stopped: 0.0001072 seconds, Stopping threads took: 0.0000479 seconds
2016-11-14T05:18:43.155-0800: 3751.317: Total time for which application threads were stopped: 0.0002647 seconds, Stopping threads took: 0.0000721 seconds
2016-11-14T05:23:13.292-0800: 4021.454: Total time for which application threads were stopped: 0.0001718 seconds, Stopping threads took: 0.0000832 seconds
2016-11-14T05:59:34.613-0800: 6202.775: Total time for which application threads were stopped: 0.0004418 seconds, Stopping threads took: 0.0002394 seconds
2016-11-14T06:00:09.630-0800: 6237.792: Total time for which application threads were stopped: 0.0000980 seconds, Stopping threads took: 0.0000457 seconds
2016-11-14T06:01:24.674-0800: 6312.836: Total time for which application threads were stopped: 0.0000988 seconds, Stopping threads took: 0.0000433 seconds
2016-11-14T06:01:27.789-0800: 6315.951: Total time for which application threads were stopped: 0.0001415 seconds, Stopping threads took: 0.0000537 seconds
2016-11-14T06:01:27.795-0800: 6315.957: Total time for which application threads were stopped: 0.0001179 seconds, Stopping threads took: 0.0000461 seconds
2016-11-14T06:01:30.340-0800: 6318.502: Total time for which application threads were stopped: 0.0001067 seconds, Stopping threads took: 0.0000276 seconds
2016-11-14T06:01:30.340-0800: 6318.502: Total time for which application threads were stopped: 0.0000279 seconds, Stopping threads took: 0.0000078 seconds
2016-11-14T06:01:30.340-0800: 6318.502: Total time for which application threads were stopped: 0.0000288 seconds, Stopping threads took: 0.0000077 seconds
2016-11-14T06:01:30.341-0800: 6318.503: Total time for which application threads were stopped: 0.0000659 seconds, Stopping threads took: 0.0000086 seconds
2016-11-14T06:01:30.361-0800: 6318.523: Total time for which application threads were stopped: 0.0001397 seconds, Stopping threads took: 0.0000356 seconds
2016-11-14T06:01:30.369-0800: 6318.531: Total time for which application threads were stopped: 0.0029170 seconds, Stopping threads took: 0.0028026 seconds
2016-11-14T06:01:30.373-0800: 6318.535: Total time for which application threads were stopped: 0.0012585 seconds, Stopping threads took: 0.0003252 seconds
2016-11-14T06:01:30.375-0800: 6318.537: Total time for which application threads were stopped: 0.0000710 seconds, Stopping threads took: 0.0000151 seconds
2016-11-14T06:01:30.385-0800: 6318.547: Total time for which application threads were stopped: 0.0001079 seconds, Stopping threads took: 0.0000349 seconds
2016-11-14T06:01:30.425-0800: 6318.587: Total time for which application threads were stopped: 0.0003826 seconds, Stopping threads took: 0.0000240 seconds
2016-11-14T06:01:30.436-0800: 6318.598: Total time for which application threads were stopped: 0.0000938 seconds, Stopping threads took: 0.0000279 seconds
2016-11-14T06:01:30.437-0800: 6318.599: Total time for which application threads were stopped: 0.0000362 seconds, Stopping threads took: 0.0000123 seconds
2016-11-14T06:01:30.437-0800: 6318.599: Total time for which application threads were stopped: 0.0000328 seconds, Stopping threads took: 0.0000122 seconds
2016-11-14T06:01:30.437-0800: 6318.599: Total time for which application threads were stopped: 0.0000329 seconds, Stopping threads took: 0.0000122 seconds
2016-11-14T06:01:30.437-0800: 6318.599: Total time for which application threads were stopped: 0.0000326 seconds, Stopping threads took: 0.0000121 seconds
2016-11-14T06:01:30.443-0800: 6318.605: Total time for which application threads were stopped: 0.0000729 seconds, Stopping threads took: 0.0000186 seconds
2016-11-14T06:01:30.454-0800: 6318.616: Total time for which application threads were stopped: 0.0000962 seconds, Stopping threads took: 0.0000336 seconds
2016-11-14T06:01:30.454-0800: 6318.616: Total time for which application threads were stopped: 0.0000387 seconds, Stopping threads took: 0.0000153 seconds
2016-11-14T06:01:30.454-0800: 6318.616: Total time for which application threads were stopped: 0.0000287 seconds, Stopping threads took: 0.0000120 seconds
2016-11-14T06:01:30.454-0800: 6318.616: Total time for which application threads were stopped: 0.0000282 seconds, Stopping threads took: 0.0000119 seconds
2016-11-14T06:01:30.455-0800: 6318.617: Total time for which application threads were stopped: 0.0000362 seconds, Stopping threads took: 0.0000155 seconds
2016-11-14T06:01:30.570-0800: 6318.732: Total time for which application threads were stopped: 0.0004767 seconds, Stopping threads took: 0.0000175 seconds
2016-11-14T06:01:30.572-0800: 6318.734: Total time for which application threads were stopped: 0.0001941 seconds, Stopping threads took: 0.0001212 seconds
2016-11-14T06:01:30.573-0800: 6318.735: Total time for which application threads were stopped: 0.0006095 seconds, Stopping threads took: 0.0005855 seconds
2016-11-14T06:01:30.574-0800: 6318.736: Total time for which application threads were stopped: 0.0000949 seconds, Stopping threads took: 0.0000686 seconds
2016-11-14T06:01:30.574-0800: 6318.736: Total time for which application threads were stopped: 0.0001354 seconds, Stopping threads took: 0.0001025 seconds
2016-11-14T06:01:30.575-0800: 6318.737: Total time for which application threads were stopped: 0.0008034 seconds, Stopping threads took: 0.0007804 seconds
2016-11-14T06:01:30.575-0800: 6318.737: Total time for which application threads were stopped: 0.0001354 seconds, Stopping threads took: 0.0000867 seconds
2016-11-14T06:01:30.576-0800: 6318.738: Total time for which application threads were stopped: 0.0000438 seconds, Stopping threads took: 0.0000082 seconds
2016-11-14T06:01:30.576-0800: 6318.738: Total time for which application threads were stopped: 0.0000518 seconds, Stopping threads took: 0.0000315 seconds
2016-11-14T06:01:30.576-0800: 6318.739: Total time for which application threads were stopped: 0.0000500 seconds, Stopping threads took: 0.0000304 seconds
2016-11-14T06:01:30.577-0800: 6318.739: Total time for which application threads were stopped: 0.0001470 seconds, Stopping threads took: 0.0001252 seconds
2016-11-14T06:01:30.577-0800: 6318.739: Total time for which application threads were stopped: 0.0000671 seconds, Stopping threads took: 0.0000455 seconds
2016-11-14T06:01:30.577-0800: 6318.739: Total time for which application threads were stopped: 0.0000263 seconds, Stopping threads took: 0.0000076 seconds
2016-11-14T06:01:30.577-0800: 6318.739: Total time for which application threads were stopped: 0.0000490 seconds, Stopping threads took: 0.0000305 seconds
2016-11-14T06:01:30.577-0800: 6318.739: Total time for which application threads were stopped: 0.0000477 seconds, Stopping threads took: 0.0000293 seconds
2016-11-14T06:01:30.578-0800: 6318.741: Total time for which application threads were stopped: 0.0000323 seconds, Stopping threads took: 0.0000087 seconds
2016-11-14T06:01:30.579-0800: 6318.741: Total time for which application threads were stopped: 0.0000280 seconds, Stopping threads took: 0.0000076 seconds
2016-11-14T06:01:30.587-0800: 6318.749: Total time for which application threads were stopped: 0.0000716 seconds, Stopping threads took: 0.0000146 seconds
2016-11-14T06:01:30.587-0800: 6318.749: Total time for which application threads were stopped: 0.0000319 seconds, Stopping threads took: 0.0000078 seconds
2016-11-14T06:01:30.587-0800: 6318.749: Total time for which application threads were stopped: 0.0000290 seconds, Stopping threads took: 0.0000072 seconds
2016-11-14T06:01:30.587-0800: 6318.749: Total time for which application threads were stopped: 0.0000288 seconds, Stopping threads took: 0.0000069 seconds
2016-11-14T06:01:30.588-0800: 6318.750: Total time for which application threads were stopped: 0.0000356 seconds, Stopping threads took: 0.0000069 seconds
2016-11-14T06:01:30.588-0800: 6318.750: Total time for which application threads were stopped: 0.0001396 seconds, Stopping threads took: 0.0001014 seconds
2016-11-14T06:01:30.591-0800: 6318.753: Total time for which application threads were stopped: 0.0000754 seconds, Stopping threads took: 0.0000366 seconds
2016-11-14T06:01:30.591-0800: 6318.753: Total time for which application threads were stopped: 0.0000476 seconds, Stopping threads took: 0.0000273 seconds
2016-11-14T06:01:30.591-0800: 6318.753: Total time for which application threads were stopped: 0.0000550 seconds, Stopping threads took: 0.0000348 seconds
2016-11-14T06:01:30.591-0800: 6318.753: Total time for which application threads were stopped: 0.0000459 seconds, Stopping threads took: 0.0000266 seconds
2016-11-14T06:01:30.591-0800: 6318.753: Total time for which application threads were stopped: 0.0000451 seconds, Stopping threads took: 0.0000260 seconds
2016-11-14T06:01:30.593-0800: 6318.755: Total time for which application threads were stopped: 0.0000656 seconds, Stopping threads took: 0.0000373 seconds
2016-11-14T06:01:30.691-0800: 6318.853: Total time for which application threads were stopped: 0.0000866 seconds, Stopping threads took: 0.0000408 seconds
2016-11-14T06:01:30.691-0800: 6318.853: Total time for which application threads were stopped: 0.0000756 seconds, Stopping threads took: 0.0000369 seconds
2016-11-14T06:01:30.774-0800: 6318.936: Total time for which application threads were stopped: 0.0000861 seconds, Stopping threads took: 0.0000176 seconds
2016-11-14T06:02:20.696-0800: 6368.858: Total time for which application threads were stopped: 0.0001986 seconds, Stopping threads took: 0.0001238 seconds
2016-11-14T06:02:20.697-0800: 6368.859: Total time for which application threads were stopped: 0.0000832 seconds, Stopping threads took: 0.0000592 seconds
2016-11-14T06:02:20.698-0800: 6368.860: Total time for which application threads were stopped: 0.0000312 seconds, Stopping threads took: 0.0000087 seconds
2016-11-14T06:02:20.698-0800: 6368.860: Total time for which application threads were stopped: 0.0000268 seconds, Stopping threads took: 0.0000079 seconds
2016-11-14T06:02:30.591-0800: 6378.753: Total time for which application threads were stopped: 0.0001159 seconds, Stopping threads took: 0.0000343 seconds
2016-11-14T06:02:37.626-0800: 6385.788: Total time for which application threads were stopped: 0.0000845 seconds, Stopping threads took: 0.0000214 seconds
2016-11-14T06:02:37.626-0800: 6385.788: Total time for which application threads were stopped: 0.0001168 seconds, Stopping threads took: 0.0000672 seconds
2016-11-14T06:02:37.663-0800: 6385.825: Total time for which application threads were stopped: 0.0027563 seconds, Stopping threads took: 0.0026963 seconds
2016-11-14T06:02:37.664-0800: 6385.826: Total time for which application threads were stopped: 0.0000411 seconds, Stopping threads took: 0.0000129 seconds
2016-11-14T06:02:37.773-0800: 6385.935: Total time for which application threads were stopped: 0.0001241 seconds, Stopping threads took: 0.0000301 seconds
2016-11-14T06:02:37.847-0800: 6386.009: Total time for which application threads were stopped: 0.0001188 seconds, Stopping threads took: 0.0000646 seconds
2016-11-14T06:02:37.889-0800: 6386.051: Total time for which application threads were stopped: 0.0005867 seconds, Stopping threads took: 0.0002464 seconds
2016-11-14T06:02:38.081-0800: 6386.243: Total time for which application threads were stopped: 0.0001984 seconds, Stopping threads took: 0.0001071 seconds
2016-11-14T06:02:38.106-0800: 6386.268: Total time for which application threads were stopped: 0.0001996 seconds, Stopping threads took: 0.0001228 seconds
2016-11-14T06:02:38.246-0800: 6386.408: Total time for which application threads were stopped: 0.0001588 seconds, Stopping threads took: 0.0000464 seconds
{Heap before GC invocations=5 (full 1):
 par new generation   total 109248K, used 109248K [0x00000000e0000000, 0x00000000e8000000, 0x00000000e8000000)
  eden space 87424K, 100% used [0x00000000e0000000, 0x00000000e5560000, 0x00000000e5560000)
  from space 21824K, 100% used [0x00000000e6ab0000, 0x00000000e8000000, 0x00000000e8000000)
  to   space 21824K,   0% used [0x00000000e5560000, 0x00000000e5560000, 0x00000000e6ab0000)
 concurrent mark-sweep generation total 393216K, used 28745K [0x00000000e8000000, 0x0000000100000000, 0x0000000100000000)
 Metaspace       used 34307K, capacity 34790K, committed 35012K, reserved 1081344K
  class space    used 3882K, capacity 4048K, committed 4064K, reserved 1048576K
2016-11-14T06:02:38.699-0800: 6386.861: [GC (Allocation Failure) 2016-11-14T06:02:38.699-0800: 6386.861: [ParNew
Desired survivor size 20112992 bytes, new threshold 3 (max 8)
- age   1:    7944304 bytes,    7944304 total
- age   2:    8758680 bytes,   16702984 total
- age   3:    5241712 bytes,   21944696 total
- age   4:     402792 bytes,   22347488 total
: 109248K->21824K(109248K), 0.0829113 secs] 137993K->60560K(502464K), 0.0830162 secs] [Times: user=0.10 sys=0.02, real=0.08 secs] 
Heap after GC invocations=6 (full 1):
 par new generation   total 109248K, used 21824K [0x00000000e0000000, 0x00000000e8000000, 0x00000000e8000000)
  eden space 87424K,   0% used [0x00000000e0000000, 0x00000000e0000000, 0x00000000e5560000)
  from space 21824K, 100% used [0x00000000e5560000, 0x00000000e6ab0000, 0x00000000e6ab0000)
  to   space 21824K,   0% used [0x00000000e6ab0000, 0x00000000e6ab0000, 0x00000000e8000000)
 concurrent mark-sweep generation total 393216K, used 38736K [0x00000000e8000000, 0x0000000100000000, 0x0000000100000000)
 Metaspace       used 34307K, capacity 34790K, committed 35012K, reserved 1081344K
  class space    used 3882K, capacity 4048K, committed 4064K, reserved 1048576K
}
2016-11-14T06:02:38.782-0800: 6386.944: Total time for which application threads were stopped: 0.0833319 seconds, Stopping threads took: 0.0000606 seconds
2016-11-14T06:02:38.791-0800: 6386.953: Total time for which application threads were stopped: 0.0002165 seconds, Stopping threads took: 0.0001122 seconds
2016-11-14T06:02:38.791-0800: 6386.953: Total time for which application threads were stopped: 0.0000644 seconds, Stopping threads took: 0.0000326 seconds
2016-11-14T06:02:38.791-0800: 6386.953: Total time for which application threads were stopped: 0.0000532 seconds, Stopping threads took: 0.0000326 seconds
2016-11-14T06:02:38.791-0800: 6386.953: Total time for which application threads were stopped: 0.0001299 seconds, Stopping threads took: 0.0000902 seconds
2016-11-14T06:02:38.791-0800: 6386.953: Total time for which application threads were stopped: 0.0002047 seconds, Stopping threads took: 0.0001617 seconds
2016-11-14T06:02:38.791-0800: 6386.953: Total time for which application threads were stopped: 0.0001854 seconds, Stopping threads took: 0.0001358 seconds
2016-11-14T06:02:38.895-0800: 6387.057: Total time for which application threads were stopped: 0.0001316 seconds, Stopping threads took: 0.0000677 seconds
2016-11-14T06:02:38.928-0800: 6387.090: Total time for which application threads were stopped: 0.0004203 seconds, Stopping threads took: 0.0000568 seconds
2016-11-14T06:02:39.054-0800: 6387.216: Total time for which application threads were stopped: 0.0001920 seconds, Stopping threads took: 0.0000749 seconds
2016-11-14T06:02:39.054-0800: 6387.216: Total time for which application threads were stopped: 0.0001078 seconds, Stopping threads took: 0.0000641 seconds
2016-11-14T06:02:39.054-0800: 6387.216: Total time for which application threads were stopped: 0.0001476 seconds, Stopping threads took: 0.0001089 seconds
2016-11-14T06:02:40.055-0800: 6388.217: Total time for which application threads were stopped: 0.0001763 seconds, Stopping threads took: 0.0000543 seconds
2016-11-14T06:02:40.360-0800: 6388.522: Total time for which application threads were stopped: 0.0001781 seconds, Stopping threads took: 0.0001050 seconds
2016-11-14T06:02:41.360-0800: 6389.522: Total time for which application threads were stopped: 0.0001398 seconds, Stopping threads took: 0.0000363 seconds
2016-11-14T06:02:44.361-0800: 6392.523: Total time for which application threads were stopped: 0.0001428 seconds, Stopping threads took: 0.0000430 seconds
2016-11-14T06:02:47.362-0800: 6395.524: Total time for which application threads were stopped: 0.0002640 seconds, Stopping threads took: 0.0001086 seconds
2016-11-14T06:02:56.364-0800: 6404.526: Total time for which application threads were stopped: 0.0001159 seconds, Stopping threads took: 0.0000254 seconds
2016-11-14T06:03:08.367-0800: 6416.529: Total time for which application threads were stopped: 0.0001475 seconds, Stopping threads took: 0.0000836 seconds
2016-11-14T06:03:13.368-0800: 6421.530: Total time for which application threads were stopped: 0.0001267 seconds, Stopping threads took: 0.0000321 seconds
2016-11-14T06:03:28.375-0800: 6436.537: Total time for which application threads were stopped: 0.0003326 seconds, Stopping threads took: 0.0001741 seconds
2016-11-14T06:03:37.381-0800: 6445.543: Total time for which application threads were stopped: 0.0001355 seconds, Stopping threads